>> 	@
>> 	^ 
Error[internal/compiler/testdata/Scan/unknown_runes.sabre:1:1]: unknown token
