(ConstDecl
  (ConstDeclSpec
    (IdentifierExpr IDENTIFIER(size))
    (NamedType IDENTIFIER(int64))
    =
    (LiteralExpr LITERAL_INT(1024))
  )
)