>> 	func (s string, r rune) int
>> 	     ^^^^^^^^^^^^^^^^^^     
Error[internal/compiler/testdata/Parse/decl/funcDecl3.sabre:1:6]: method is expected to have only one receiver
