(GenericDecl type
  (TypeSpec
    (IdentifierExpr IDENTIFIER(x))
    (ArrayType
      (NamedType IDENTIFIER(foo).IDENTIFIER(bar))
    )
  )
)