>> 	type x =
>> 	        ^
Error[internal/compiler/testdata/Parse/decl/typeDecl12.sabre:1:9]: expected type but found INVALID
