(GenericDecl var
  (ValueSpec
    (IdentifierExpr IDENTIFIER(x))
    (ArrayType
      (NamedType IDENTIFIER(foo).IDENTIFIER(bar))
    )
  )
)