>> 	var x, y int =
>> 	              ^
Error[internal/compiler/testdata/Parse/decl/varDecl17.sabre:1:15]: expected an expression but found 'INVALID'
