>> 	func([]int, 5, "hello")
>> 	            ^           
Error[internal/compiler/testdata/Parse/expr/funcType23.sabre:1:13]: expected type but found LITERAL_INT(5)
>> 	func([]int, 5, "hello")
>> 	            ^           
Error[internal/compiler/testdata/Parse/expr/funcType23.sabre:1:13]: expected ')' but found 'LITERAL_INT'
