>> 	func(5 int)
>> 	     ^      
Error[internal/compiler/testdata/Parse/expr/funcType20.sabre:1:6]: expected an identifier
