(FuncType
  (FuncType-Results
    (FuncType)
    (FuncType
      (FuncType-Parameters
        (NamedType IDENTIFIER(x))
        (NamedType IDENTIFIER(y))
      )
    )
  )
)