>> 	a[
>> 	  ^
Error[internal/compiler/testdata/Parse/expr/index4.sabre:1:3]: expected an expression but found 'INVALID'
