(IndexExpr
  (IdentifierExpr IDENTIFIER(a))
  (IdentifierExpr IDENTIFIER(b))
)