>> 	    u float32
>> 	             ^
Error[internal/compiler/testdata/Parse/expr/structType5.sabre:3:14]: expected '}' but found 'INVALID'
