>> 	^
>> 	 ^
Error[internal/compiler/testdata/Parse/expr/unary5.sabre:1:2]: expected an expression but found 'INVALID'
