(AssignStmt
  (IdentifierExpr IDENTIFIER(a))
  (IdentifierExpr IDENTIFIER(b))
  :=
  (IdentifierExpr IDENTIFIER(b))
  (IdentifierExpr IDENTIFIER(a))
)