(AssignStmt
  (IdentifierExpr IDENTIFIER(a))
  (IdentifierExpr IDENTIFIER(c))
  *=
  (IdentifierExpr IDENTIFIER(b))
  (IdentifierExpr IDENTIFIER(e))
)