(ForRangeStmt
  (ForRangeStmt-Expr
    (IdentifierExpr IDENTIFIER(list))
  )
  (ForRangeStmt-Body
    (Block 0)
  )
)