(ForStmt
  (ForStmt-Post
    (IncDecStmt ++
      (IdentifierExpr IDENTIFIER(x))
    )
  )
  (ForStmt-Body
    (Block 0)
  )
)