>> 	++
>> 	^^ 
Error[internal/compiler/testdata/Parse/stmt/incDecStmt3.sabre:1:1]: expected an expression but found '++'
